36
9B
4D
A6
D3
69
B4
DA
6D
36
TEST EXITED NORMALLY
